** Drc report for chess-board.kicad_pcb **
** Created on 2026-08-31T12:36:30+0000 **
** Report includes: Errors, Warnings **

** Found 0 DRC violations **

** Found 258 unconnected pads **
[unconnected_items]: Missing connection between items
    Local override; error
    @(105.0000 mm, 390.7300 mm): PTH pad 2 [+3V3] of J2
    @(144.9200 mm, 390.0000 mm): PTH pad 1 [+3V3] of R1
[unconnected_items]: Missing connection between items
    Local override; error
    @(130.1900 mm, 143.8100 mm): PTH pad 9 [+3V3] of U3
    @(137.8100 mm, 148.8900 mm): PTH pad 18 [+3V3] of U3
[unconnected_items]: Missing connection between items
    Local override; error
    @(137.8100 mm, 148.8900 mm): PTH pad 18 [+3V3] of U3
    @(137.8100 mm, 153.9700 mm): PTH pad 16 [+3V3] of U3
[unconnected_items]: Missing connection between items
    Local override; error
    @(137.8100 mm, 148.8900 mm): PTH pad 18 [+3V3] of U3
    @(141.7300 mm, 140.0000 mm): PTH pad 1 [+3V3] of C5
[unconnected_items]: Missing connection between items
    Local override; error
    @(137.8100 mm, 308.8900 mm): PTH pad 18 [+3V3] of U1
    @(130.1900 mm, 303.8100 mm): PTH pad 9 [+3V3] of U1
[unconnected_items]: Missing connection between items
    Local override; error
    @(137.8100 mm, 308.8900 mm): PTH pad 18 [+3V3] of U1
    @(141.7300 mm, 300.0000 mm): PTH pad 1 [+3V3] of C3
[unconnected_items]: Missing connection between items
    Local override; error
    @(141.7300 mm, 300.0000 mm): PTH pad 1 [+3V3] of C3
    @(137.8100 mm, 153.9700 mm): PTH pad 16 [+3V3] of U3
[unconnected_items]: Missing connection between items
    Local override; error
    @(144.9200 mm, 390.0000 mm): PTH pad 1 [+3V3] of R1
    @(144.9200 mm, 396.0000 mm): PTH pad 1 [+3V3] of R2
[unconnected_items]: Missing connection between items
    Local override; error
    @(144.9200 mm, 390.0000 mm): PTH pad 1 [+3V3] of R1
    @(175.8700 mm, 341.2700 mm): PTH pad 1 [+3V3] of J1
[unconnected_items]: Missing connection between items
    Local override; error
    @(175.8700 mm, 341.2700 mm): PTH pad 1 [+3V3] of J1
    @(137.8100 mm, 308.8900 mm): PTH pad 18 [+3V3] of U1
[unconnected_items]: Missing connection between items
    Local override; error
    @(196.1900 mm, 341.2700 mm): PTH pad 17 [+3V3] of J1
    @(175.8700 mm, 341.2700 mm): PTH pad 1 [+3V3] of J1
[unconnected_items]: Missing connection between items
    Local override; error
    @(196.1900 mm, 341.2700 mm): PTH pad 17 [+3V3] of J1
    @(290.1900 mm, 303.8100 mm): PTH pad 9 [+3V3] of U2
[unconnected_items]: Missing connection between items
    Local override; error
    @(290.1900 mm, 303.8100 mm): PTH pad 9 [+3V3] of U2
    @(297.8100 mm, 308.8900 mm): PTH pad 18 [+3V3] of U2
[unconnected_items]: Missing connection between items
    Local override; error
    @(297.8100 mm, 148.8900 mm): PTH pad 18 [+3V3] of U4
    @(297.8100 mm, 153.9700 mm): PTH pad 16 [+3V3] of U4
[unconnected_items]: Missing connection between items
    Local override; error
    @(297.8100 mm, 148.8900 mm): PTH pad 18 [+3V3] of U4
    @(290.1900 mm, 143.8100 mm): PTH pad 9 [+3V3] of U4
[unconnected_items]: Missing connection between items
    Local override; error
    @(297.8100 mm, 156.5100 mm): PTH pad 15 [+3V3] of U4
    @(297.8100 mm, 153.9700 mm): PTH pad 16 [+3V3] of U4
[unconnected_items]: Missing connection between items
    Local override; error
    @(297.8100 mm, 308.8900 mm): PTH pad 18 [+3V3] of U2
    @(297.8100 mm, 316.5100 mm): PTH pad 15 [+3V3] of U2
[unconnected_items]: Missing connection between items
    Local override; error
    @(297.8100 mm, 308.8900 mm): PTH pad 18 [+3V3] of U2
    @(301.7300 mm, 300.0000 mm): PTH pad 1 [+3V3] of C4
[unconnected_items]: Missing connection between items
    Local override; error
    @(301.7300 mm, 140.0000 mm): PTH pad 1 [+3V3] of C6
    @(297.8100 mm, 148.8900 mm): PTH pad 18 [+3V3] of U4
[unconnected_items]: Missing connection between items
    Local override; error
    @(301.7300 mm, 300.0000 mm): PTH pad 1 [+3V3] of C4
    @(297.8100 mm, 156.5100 mm): PTH pad 15 [+3V3] of U4
[unconnected_items]: Missing connection between items
    Local override; error
    @(212.7500 mm, 389.7500 mm): PTH pad 1 [BTN_DOWN] of SW2
    @(212.7500 mm, 394.2500 mm): PTH pad 1b [BTN_DOWN] of SW2
[unconnected_items]: Missing connection between items
    Local override; error
    @(213.9700 mm, 341.2700 mm): PTH pad 31 [BTN_DOWN] of J1
    @(212.7500 mm, 389.7500 mm): PTH pad 1 [BTN_DOWN] of SW2
[unconnected_items]: Missing connection between items
    Local override; error
    @(212.7500 mm, 405.7500 mm): PTH pad 1 [BTN_F1] of SW8
    @(212.7500 mm, 410.2500 mm): PTH pad 1b [BTN_F1] of SW8
[unconnected_items]: Missing connection between items
    Local override; error
    @(221.5900 mm, 338.7300 mm): PTH pad 38 [BTN_F1] of J1
    @(212.7500 mm, 405.7500 mm): PTH pad 1 [BTN_F1] of SW8
[unconnected_items]: Missing connection between items
    Local override; error
    @(228.7500 mm, 405.7500 mm): PTH pad 1 [BTN_F2] of SW9
    @(224.1300 mm, 338.7300 mm): PTH pad 40 [BTN_F2] of J1
[unconnected_items]: Missing connection between items
    Local override; error
    @(228.7500 mm, 410.2500 mm): PTH pad 1b [BTN_F2] of SW9
    @(228.7500 mm, 405.7500 mm): PTH pad 1 [BTN_F2] of SW9
[unconnected_items]: Missing connection between items
    Local override; error
    @(244.7500 mm, 405.7500 mm): PTH pad 1 [BTN_F3] of SW10
    @(193.6500 mm, 341.2700 mm): PTH pad 15 [BTN_F3] of J1
[unconnected_items]: Missing connection between items
    Local override; error
    @(244.7500 mm, 410.2500 mm): PTH pad 1b [BTN_F3] of SW10
    @(244.7500 mm, 405.7500 mm): PTH pad 1 [BTN_F3] of SW10
[unconnected_items]: Missing connection between items
    Local override; error
    @(260.7500 mm, 405.7500 mm): PTH pad 1 [BTN_F4] of SW11
    @(193.6500 mm, 338.7300 mm): PTH pad 16 [BTN_F4] of J1
[unconnected_items]: Missing connection between items
    Local override; error
    @(260.7500 mm, 410.2500 mm): PTH pad 1b [BTN_F4] of SW11
    @(260.7500 mm, 405.7500 mm): PTH pad 1 [BTN_F4] of SW11
[unconnected_items]: Missing connection between items
    Local override; error
    @(276.7500 mm, 405.7500 mm): PTH pad 1 [BTN_F5] of SW12
    @(196.1900 mm, 338.7300 mm): PTH pad 18 [BTN_F5] of J1
[unconnected_items]: Missing connection between items
    Local override; error
    @(276.7500 mm, 410.2500 mm): PTH pad 1b [BTN_F5] of SW12
    @(276.7500 mm, 405.7500 mm): PTH pad 1 [BTN_F5] of SW12
[unconnected_items]: Missing connection between items
    Local override; error
    @(228.7500 mm, 389.7500 mm): PTH pad 1 [BTN_LEFT] of SW3
    @(213.9700 mm, 338.7300 mm): PTH pad 32 [BTN_LEFT] of J1
[unconnected_items]: Missing connection between items
    Local override; error
    @(228.7500 mm, 394.2500 mm): PTH pad 1b [BTN_LEFT] of SW3
    @(228.7500 mm, 389.7500 mm): PTH pad 1 [BTN_LEFT] of SW3
[unconnected_items]: Missing connection between items
    Local override; error
    @(260.7500 mm, 389.7500 mm): PTH pad 1 [BTN_OK] of SW5
    @(219.0500 mm, 338.7300 mm): PTH pad 36 [BTN_OK] of J1
[unconnected_items]: Missing connection between items
    Local override; error
    @(260.7500 mm, 394.2500 mm): PTH pad 1b [BTN_OK] of SW5
    @(260.7500 mm, 389.7500 mm): PTH pad 1 [BTN_OK] of SW5
[unconnected_items]: Missing connection between items
    Local override; error
    @(196.7500 mm, 405.7500 mm): PTH pad 1 [BTN_PASS] of SW7
    @(196.7500 mm, 410.2500 mm): PTH pad 1b [BTN_PASS] of SW7
[unconnected_items]: Missing connection between items
    Local override; error
    @(219.0500 mm, 341.2700 mm): PTH pad 35 [BTN_PASS] of J1
    @(196.7500 mm, 405.7500 mm): PTH pad 1 [BTN_PASS] of SW7
[unconnected_items]: Missing connection between items
    Local override; error
    @(276.7500 mm, 389.7500 mm): PTH pad 1 [BTN_RESET] of SW6
    @(188.5700 mm, 341.2700 mm): PTH pad 11 [BTN_RESET] of J1
[unconnected_items]: Missing connection between items
    Local override; error
    @(276.7500 mm, 394.2500 mm): PTH pad 1b [BTN_RESET] of SW6
    @(276.7500 mm, 389.7500 mm): PTH pad 1 [BTN_RESET] of SW6
[unconnected_items]: Missing connection between items
    Local override; error
    @(244.7500 mm, 389.7500 mm): PTH pad 1 [BTN_RIGHT] of SW4
    @(216.5100 mm, 341.2700 mm): PTH pad 33 [BTN_RIGHT] of J1
[unconnected_items]: Missing connection between items
    Local override; error
    @(244.7500 mm, 394.2500 mm): PTH pad 1b [BTN_RIGHT] of SW4
    @(244.7500 mm, 389.7500 mm): PTH pad 1 [BTN_RIGHT] of SW4
[unconnected_items]: Missing connection between items
    Local override; error
    @(196.7500 mm, 389.7500 mm): PTH pad 1 [BTN_UP] of SW1
    @(196.7500 mm, 394.2500 mm): PTH pad 1b [BTN_UP] of SW1
[unconnected_items]: Missing connection between items
    Local override; error
    @(211.4300 mm, 341.2700 mm): PTH pad 29 [BTN_UP] of J1
    @(196.7500 mm, 389.7500 mm): PTH pad 1 [BTN_UP] of SW1
[unconnected_items]: Missing connection between items
    Local override; error
    @(67.0000 mm, 413.0000 mm): PTH pad 2 [DC_FUSED] of F1
    @(80.6500 mm, 410.0000 mm): PTH pad 1 [DC_FUSED] of SW13
[unconnected_items]: Missing connection between items
    Local override; error
    @(45.0000 mm, 413.0000 mm): PTH pad 1 [DC_IN] of F1
    @(45.5000 mm, 398.0000 mm): PTH pad 1 [DC_IN] of J3
[unconnected_items]: Missing connection between items
    Local override; error
    @(105.0000 mm, 393.2700 mm): PTH pad 3 [I2C_SCL] of J2
    @(155.0800 mm, 396.0000 mm): PTH pad 2 [I2C_SCL] of R2
[unconnected_items]: Missing connection between items
    Local override; error
    @(130.1900 mm, 151.4300 mm): PTH pad 12 [I2C_SCL] of U3
    @(130.1900 mm, 311.4300 mm): PTH pad 12 [I2C_SCL] of U1
[unconnected_items]: Missing connection between items
    Local override; error
    @(155.0800 mm, 396.0000 mm): PTH pad 2 [I2C_SCL] of R2
    @(180.9500 mm, 341.2700 mm): PTH pad 5 [I2C_SCL] of J1
[unconnected_items]: Missing connection between items
    Local override; error
    @(180.9500 mm, 341.2700 mm): PTH pad 5 [I2C_SCL] of J1
    @(130.1900 mm, 311.4300 mm): PTH pad 12 [I2C_SCL] of U1
[unconnected_items]: Missing connection between items
    Local override; error
    @(290.1900 mm, 311.4300 mm): PTH pad 12 [I2C_SCL] of U2
    @(180.9500 mm, 341.2700 mm): PTH pad 5 [I2C_SCL] of J1
[unconnected_items]: Missing connection between items
    Local override; error
    @(290.1900 mm, 311.4300 mm): PTH pad 12 [I2C_SCL] of U2
    @(290.1900 mm, 151.4300 mm): PTH pad 12 [I2C_SCL] of U4
[unconnected_items]: Missing connection between items
    Local override; error
    @(105.0000 mm, 395.8100 mm): PTH pad 4 [I2C_SDA] of J2
    @(155.0800 mm, 390.0000 mm): PTH pad 2 [I2C_SDA] of R1
[unconnected_items]: Missing connection between items
    Local override; error
    @(130.1900 mm, 313.9700 mm): PTH pad 13 [I2C_SDA] of U1
    @(130.1900 mm, 153.9700 mm): PTH pad 13 [I2C_SDA] of U3
[unconnected_items]: Missing connection between items
    Local override; error
    @(155.0800 mm, 390.0000 mm): PTH pad 2 [I2C_SDA] of R1
    @(178.4100 mm, 341.2700 mm): PTH pad 3 [I2C_SDA] of J1
[unconnected_items]: Missing connection between items
    Local override; error
    @(178.4100 mm, 341.2700 mm): PTH pad 3 [I2C_SDA] of J1
    @(130.1900 mm, 313.9700 mm): PTH pad 13 [I2C_SDA] of U1
[unconnected_items]: Missing connection between items
    Local override; error
    @(290.1900 mm, 313.9700 mm): PTH pad 13 [I2C_SDA] of U2
    @(178.4100 mm, 341.2700 mm): PTH pad 3 [I2C_SDA] of J1
[unconnected_items]: Missing connection between items
    Local override; error
    @(290.1900 mm, 313.9700 mm): PTH pad 13 [I2C_SDA] of U2
    @(290.1900 mm, 153.9700 mm): PTH pad 13 [I2C_SDA] of U4
[unconnected_items]: Missing connection between items
    Local override; error
    @(70.5000 mm, 267.8000 mm): Pad 4 [LED_C16] of U22 on F.Cu
    @(70.5000 mm, 306.2000 mm): Pad 6 [LED_C16] of U21 on F.Cu
[unconnected_items]: Missing connection between items
    Local override; error
    @(355.5000 mm, 226.2000 mm): Pad 4 [LED_C24] of U30 on F.Cu
    @(355.5000 mm, 267.8000 mm): Pad 6 [LED_C24] of U29 on F.Cu
[unconnected_items]: Missing connection between items
    Local override; error
    @(70.5000 mm, 187.8000 mm): Pad 4 [LED_C32] of U38 on F.Cu
    @(70.5000 mm, 226.2000 mm): Pad 6 [LED_C32] of U37 on F.Cu
[unconnected_items]: Missing connection between items
    Local override; error
    @(355.5000 mm, 146.2000 mm): Pad 4 [LED_C40] of U46 on F.Cu
    @(355.5000 mm, 187.8000 mm): Pad 6 [LED_C40] of U45 on F.Cu
[unconnected_items]: Missing connection between items
    Local override; error
    @(70.5000 mm, 107.8000 mm): Pad 4 [LED_C48] of U54 on F.Cu
    @(70.5000 mm, 146.2000 mm): Pad 6 [LED_C48] of U53 on F.Cu
[unconnected_items]: Missing connection between items
    Local override; error
    @(355.5000 mm, 66.2000 mm): Pad 4 [LED_C56] of U62 on F.Cu
    @(355.5000 mm, 107.8000 mm): Pad 6 [LED_C56] of U61 on F.Cu
[unconnected_items]: Missing connection between items
    Local override; error
    @(355.5000 mm, 306.2000 mm): Pad 4 [LED_C8] of U14 on F.Cu
    @(355.5000 mm, 347.8000 mm): Pad 6 [LED_C8] of U13 on F.Cu
[unconnected_items]: Missing connection between items
    Local override; error
    @(70.5000 mm, 347.8000 mm): Pad 4 [LED_CLK_5V] of U6 on F.Cu
    @(126.1900 mm, 405.0800 mm): PTH pad 6 [LED_CLK_5V] of U5
[unconnected_items]: Missing connection between items
    Local override; error
    @(126.1900 mm, 405.0800 mm): PTH pad 6 [LED_CLK_5V] of U5
    @(181.0000 mm, 385.0000 mm): PTH pad 1 [LED_CLK_5V] of TP4
[unconnected_items]: Missing connection between items
    Local override; error
    @(70.5000 mm, 266.2000 mm): Pad 3 [LED_D16] of U22 on F.Cu
    @(70.5000 mm, 307.8000 mm): Pad 5 [LED_D16] of U21 on F.Cu
[unconnected_items]: Missing connection between items
    Local override; error
    @(355.5000 mm, 227.8000 mm): Pad 3 [LED_D24] of U30 on F.Cu
    @(355.5000 mm, 266.2000 mm): Pad 5 [LED_D24] of U29 on F.Cu
[unconnected_items]: Missing connection between items
    Local override; error
    @(70.5000 mm, 186.2000 mm): Pad 3 [LED_D32] of U38 on F.Cu
    @(70.5000 mm, 227.8000 mm): Pad 5 [LED_D32] of U37 on F.Cu
[unconnected_items]: Missing connection between items
    Local override; error
    @(355.5000 mm, 147.8000 mm): Pad 3 [LED_D40] of U46 on F.Cu
    @(355.5000 mm, 186.2000 mm): Pad 5 [LED_D40] of U45 on F.Cu
[unconnected_items]: Missing connection between items
    Local override; error
    @(70.5000 mm, 106.2000 mm): Pad 3 [LED_D48] of U54 on F.Cu
    @(70.5000 mm, 147.8000 mm): Pad 5 [LED_D48] of U53 on F.Cu
[unconnected_items]: Missing connection between items
    Local override; error
    @(355.5000 mm, 67.8000 mm): Pad 3 [LED_D56] of U62 on F.Cu
    @(355.5000 mm, 106.2000 mm): Pad 5 [LED_D56] of U61 on F.Cu
[unconnected_items]: Missing connection between items
    Local override; error
    @(355.5000 mm, 307.8000 mm): Pad 3 [LED_D8] of U14 on F.Cu
    @(355.5000 mm, 346.2000 mm): Pad 5 [LED_D8] of U13 on F.Cu
[unconnected_items]: Missing connection between items
    Local override; error
    @(70.5000 mm, 346.2000 mm): Pad 3 [LED_DATA_5V] of U6 on F.Cu
    @(126.1900 mm, 397.4600 mm): PTH pad 3 [LED_DATA_5V] of U5
[unconnected_items]: Missing connection between items
    Local override; error
    @(126.1900 mm, 397.4600 mm): PTH pad 3 [LED_DATA_5V] of U5
    @(174.0000 mm, 385.0000 mm): PTH pad 1 [LED_DATA_5V] of TP3
[unconnected_items]: Missing connection between items
    Local override; error
    @(195.5000 mm, 346.2000 mm): Pad 5 [N$119] of U9 on F.Cu
    @(230.5000 mm, 346.2000 mm): Pad 3 [N$119] of U10 on F.Cu
[unconnected_items]: Missing connection between items
    Local override; error
    @(195.5000 mm, 347.8000 mm): Pad 6 [N$120] of U9 on F.Cu
    @(230.5000 mm, 347.8000 mm): Pad 4 [N$120] of U10 on F.Cu
[unconnected_items]: Missing connection between items
    Local override; error
    @(235.5000 mm, 346.2000 mm): Pad 5 [N$121] of U10 on F.Cu
    @(270.5000 mm, 346.2000 mm): Pad 3 [N$121] of U11 on F.Cu
[unconnected_items]: Missing connection between items
    Local override; error
    @(235.5000 mm, 347.8000 mm): Pad 6 [N$122] of U10 on F.Cu
    @(270.5000 mm, 347.8000 mm): Pad 4 [N$122] of U11 on F.Cu
[unconnected_items]: Missing connection between items
    Local override; error
    @(275.5000 mm, 346.2000 mm): Pad 5 [N$123] of U11 on F.Cu
    @(310.5000 mm, 346.2000 mm): Pad 3 [N$123] of U12 on F.Cu
[unconnected_items]: Missing connection between items
    Local override; error
    @(275.5000 mm, 347.8000 mm): Pad 6 [N$124] of U11 on F.Cu
    @(310.5000 mm, 347.8000 mm): Pad 4 [N$124] of U12 on F.Cu
[unconnected_items]: Missing connection between items
    Local override; error
    @(315.5000 mm, 346.2000 mm): Pad 5 [N$125] of U12 on F.Cu
    @(350.5000 mm, 346.2000 mm): Pad 3 [N$125] of U13 on F.Cu
[unconnected_items]: Missing connection between items
    Local override; error
    @(315.5000 mm, 347.8000 mm): Pad 6 [N$126] of U12 on F.Cu
    @(350.5000 mm, 347.8000 mm): Pad 4 [N$126] of U13 on F.Cu
[unconnected_items]: Missing connection between items
    Local override; error
    @(315.5000 mm, 307.8000 mm): Pad 3 [N$127] of U15 on F.Cu
    @(350.5000 mm, 307.8000 mm): Pad 5 [N$127] of U14 on F.Cu
[unconnected_items]: Missing connection between items
    Local override; error
    @(315.5000 mm, 306.2000 mm): Pad 4 [N$128] of U15 on F.Cu
    @(350.5000 mm, 306.2000 mm): Pad 6 [N$128] of U14 on F.Cu
[unconnected_items]: Missing connection between items
    Local override; error
    @(275.5000 mm, 307.8000 mm): Pad 3 [N$129] of U16 on F.Cu
    @(310.5000 mm, 307.8000 mm): Pad 5 [N$129] of U15 on F.Cu
[unconnected_items]: Missing connection between items
    Local override; error
    @(275.5000 mm, 306.2000 mm): Pad 4 [N$130] of U16 on F.Cu
    @(310.5000 mm, 306.2000 mm): Pad 6 [N$130] of U15 on F.Cu
[unconnected_items]: Missing connection between items
    Local override; error
    @(235.5000 mm, 307.8000 mm): Pad 3 [N$131] of U17 on F.Cu
    @(270.5000 mm, 307.8000 mm): Pad 5 [N$131] of U16 on F.Cu
[unconnected_items]: Missing connection between items
    Local override; error
    @(235.5000 mm, 306.2000 mm): Pad 4 [N$132] of U17 on F.Cu
    @(270.5000 mm, 306.2000 mm): Pad 6 [N$132] of U16 on F.Cu
[unconnected_items]: Missing connection between items
    Local override; error
    @(195.5000 mm, 307.8000 mm): Pad 3 [N$133] of U18 on F.Cu
    @(230.5000 mm, 307.8000 mm): Pad 5 [N$133] of U17 on F.Cu
[unconnected_items]: Missing connection between items
    Local override; error
    @(195.5000 mm, 306.2000 mm): Pad 4 [N$134] of U18 on F.Cu
    @(230.5000 mm, 306.2000 mm): Pad 6 [N$134] of U17 on F.Cu
[unconnected_items]: Missing connection between items
    Local override; error
    @(155.5000 mm, 307.8000 mm): Pad 3 [N$135] of U19 on F.Cu
    @(190.5000 mm, 307.8000 mm): Pad 5 [N$135] of U18 on F.Cu
[unconnected_items]: Missing connection between items
    Local override; error
    @(155.5000 mm, 306.2000 mm): Pad 4 [N$136] of U19 on F.Cu
    @(190.5000 mm, 306.2000 mm): Pad 6 [N$136] of U18 on F.Cu
[unconnected_items]: Missing connection between items
    Local override; error
    @(115.5000 mm, 307.8000 mm): Pad 3 [N$137] of U20 on F.Cu
    @(150.5000 mm, 307.8000 mm): Pad 5 [N$137] of U19 on F.Cu
[unconnected_items]: Missing connection between items
    Local override; error
    @(115.5000 mm, 306.2000 mm): Pad 4 [N$138] of U20 on F.Cu
    @(150.5000 mm, 306.2000 mm): Pad 6 [N$138] of U19 on F.Cu
[unconnected_items]: Missing connection between items
    Local override; error
    @(75.5000 mm, 307.8000 mm): Pad 3 [N$142] of U21 on F.Cu
    @(110.5000 mm, 307.8000 mm): Pad 5 [N$142] of U20 on F.Cu
[unconnected_items]: Missing connection between items
    Local override; error
    @(75.5000 mm, 306.2000 mm): Pad 4 [N$143] of U21 on F.Cu
    @(110.5000 mm, 306.2000 mm): Pad 6 [N$143] of U20 on F.Cu
[unconnected_items]: Missing connection between items
    Local override; error
    @(75.5000 mm, 266.2000 mm): Pad 5 [N$144] of U22 on F.Cu
    @(110.5000 mm, 266.2000 mm): Pad 3 [N$144] of U23 on F.Cu
[unconnected_items]: Missing connection between items
    Local override; error
    @(75.5000 mm, 267.8000 mm): Pad 6 [N$145] of U22 on F.Cu
    @(110.5000 mm, 267.8000 mm): Pad 4 [N$145] of U23 on F.Cu
[unconnected_items]: Missing connection between items
    Local override; error
    @(115.5000 mm, 266.2000 mm): Pad 5 [N$146] of U23 on F.Cu
    @(150.5000 mm, 266.2000 mm): Pad 3 [N$146] of U24 on F.Cu
[unconnected_items]: Missing connection between items
    Local override; error
    @(115.5000 mm, 267.8000 mm): Pad 6 [N$147] of U23 on F.Cu
    @(150.5000 mm, 267.8000 mm): Pad 4 [N$147] of U24 on F.Cu
[unconnected_items]: Missing connection between items
    Local override; error
    @(155.5000 mm, 266.2000 mm): Pad 5 [N$148] of U24 on F.Cu
    @(190.5000 mm, 266.2000 mm): Pad 3 [N$148] of U25 on F.Cu
[unconnected_items]: Missing connection between items
    Local override; error
    @(155.5000 mm, 267.8000 mm): Pad 6 [N$149] of U24 on F.Cu
    @(190.5000 mm, 267.8000 mm): Pad 4 [N$149] of U25 on F.Cu
[unconnected_items]: Missing connection between items
    Local override; error
    @(195.5000 mm, 266.2000 mm): Pad 5 [N$150] of U25 on F.Cu
    @(230.5000 mm, 266.2000 mm): Pad 3 [N$150] of U26 on F.Cu
[unconnected_items]: Missing connection between items
    Local override; error
    @(195.5000 mm, 267.8000 mm): Pad 6 [N$151] of U25 on F.Cu
    @(230.5000 mm, 267.8000 mm): Pad 4 [N$151] of U26 on F.Cu
[unconnected_items]: Missing connection between items
    Local override; error
    @(235.5000 mm, 266.2000 mm): Pad 5 [N$152] of U26 on F.Cu
    @(270.5000 mm, 266.2000 mm): Pad 3 [N$152] of U27 on F.Cu
[unconnected_items]: Missing connection between items
    Local override; error
    @(235.5000 mm, 267.8000 mm): Pad 6 [N$153] of U26 on F.Cu
    @(270.5000 mm, 267.8000 mm): Pad 4 [N$153] of U27 on F.Cu
[unconnected_items]: Missing connection between items
    Local override; error
    @(275.5000 mm, 266.2000 mm): Pad 5 [N$154] of U27 on F.Cu
    @(310.5000 mm, 266.2000 mm): Pad 3 [N$154] of U28 on F.Cu
[unconnected_items]: Missing connection between items
    Local override; error
    @(275.5000 mm, 267.8000 mm): Pad 6 [N$155] of U27 on F.Cu
    @(310.5000 mm, 267.8000 mm): Pad 4 [N$155] of U28 on F.Cu
[unconnected_items]: Missing connection between items
    Local override; error
    @(315.5000 mm, 266.2000 mm): Pad 5 [N$156] of U28 on F.Cu
    @(350.5000 mm, 266.2000 mm): Pad 3 [N$156] of U29 on F.Cu
[unconnected_items]: Missing connection between items
    Local override; error
    @(315.5000 mm, 267.8000 mm): Pad 6 [N$157] of U28 on F.Cu
    @(350.5000 mm, 267.8000 mm): Pad 4 [N$157] of U29 on F.Cu
[unconnected_items]: Missing connection between items
    Local override; error
    @(315.5000 mm, 227.8000 mm): Pad 3 [N$161] of U31 on F.Cu
    @(350.5000 mm, 227.8000 mm): Pad 5 [N$161] of U30 on F.Cu
[unconnected_items]: Missing connection between items
    Local override; error
    @(315.5000 mm, 226.2000 mm): Pad 4 [N$162] of U31 on F.Cu
    @(350.5000 mm, 226.2000 mm): Pad 6 [N$162] of U30 on F.Cu
[unconnected_items]: Missing connection between items
    Local override; error
    @(275.5000 mm, 227.8000 mm): Pad 3 [N$163] of U32 on F.Cu
    @(310.5000 mm, 227.8000 mm): Pad 5 [N$163] of U31 on F.Cu
[unconnected_items]: Missing connection between items
    Local override; error
    @(275.5000 mm, 226.2000 mm): Pad 4 [N$164] of U32 on F.Cu
    @(310.5000 mm, 226.2000 mm): Pad 6 [N$164] of U31 on F.Cu
[unconnected_items]: Missing connection between items
    Local override; error
    @(235.5000 mm, 227.8000 mm): Pad 3 [N$165] of U33 on F.Cu
    @(270.5000 mm, 227.8000 mm): Pad 5 [N$165] of U32 on F.Cu
[unconnected_items]: Missing connection between items
    Local override; error
    @(235.5000 mm, 226.2000 mm): Pad 4 [N$166] of U33 on F.Cu
    @(270.5000 mm, 226.2000 mm): Pad 6 [N$166] of U32 on F.Cu
[unconnected_items]: Missing connection between items
    Local override; error
    @(195.5000 mm, 227.8000 mm): Pad 3 [N$167] of U34 on F.Cu
    @(230.5000 mm, 227.8000 mm): Pad 5 [N$167] of U33 on F.Cu
[unconnected_items]: Missing connection between items
    Local override; error
    @(195.5000 mm, 226.2000 mm): Pad 4 [N$168] of U34 on F.Cu
    @(230.5000 mm, 226.2000 mm): Pad 6 [N$168] of U33 on F.Cu
[unconnected_items]: Missing connection between items
    Local override; error
    @(155.5000 mm, 227.8000 mm): Pad 3 [N$169] of U35 on F.Cu
    @(190.5000 mm, 227.8000 mm): Pad 5 [N$169] of U34 on F.Cu
[unconnected_items]: Missing connection between items
    Local override; error
    @(155.5000 mm, 226.2000 mm): Pad 4 [N$170] of U35 on F.Cu
    @(190.5000 mm, 226.2000 mm): Pad 6 [N$170] of U34 on F.Cu
[unconnected_items]: Missing connection between items
    Local override; error
    @(115.5000 mm, 227.8000 mm): Pad 3 [N$171] of U36 on F.Cu
    @(150.5000 mm, 227.8000 mm): Pad 5 [N$171] of U35 on F.Cu
[unconnected_items]: Missing connection between items
    Local override; error
    @(115.5000 mm, 226.2000 mm): Pad 4 [N$172] of U36 on F.Cu
    @(150.5000 mm, 226.2000 mm): Pad 6 [N$172] of U35 on F.Cu
[unconnected_items]: Missing connection between items
    Local override; error
    @(75.5000 mm, 227.8000 mm): Pad 3 [N$173] of U37 on F.Cu
    @(110.5000 mm, 227.8000 mm): Pad 5 [N$173] of U36 on F.Cu
[unconnected_items]: Missing connection between items
    Local override; error
    @(75.5000 mm, 226.2000 mm): Pad 4 [N$174] of U37 on F.Cu
    @(110.5000 mm, 226.2000 mm): Pad 6 [N$174] of U36 on F.Cu
[unconnected_items]: Missing connection between items
    Local override; error
    @(75.5000 mm, 186.2000 mm): Pad 5 [N$175] of U38 on F.Cu
    @(110.5000 mm, 186.2000 mm): Pad 3 [N$175] of U39 on F.Cu
[unconnected_items]: Missing connection between items
    Local override; error
    @(75.5000 mm, 187.8000 mm): Pad 6 [N$176] of U38 on F.Cu
    @(110.5000 mm, 187.8000 mm): Pad 4 [N$176] of U39 on F.Cu
[unconnected_items]: Missing connection between items
    Local override; error
    @(115.5000 mm, 186.2000 mm): Pad 5 [N$177] of U39 on F.Cu
    @(150.5000 mm, 186.2000 mm): Pad 3 [N$177] of U40 on F.Cu
[unconnected_items]: Missing connection between items
    Local override; error
    @(115.5000 mm, 187.8000 mm): Pad 6 [N$178] of U39 on F.Cu
    @(150.5000 mm, 187.8000 mm): Pad 4 [N$178] of U40 on F.Cu
[unconnected_items]: Missing connection between items
    Local override; error
    @(155.5000 mm, 186.2000 mm): Pad 5 [N$182] of U40 on F.Cu
    @(190.5000 mm, 186.2000 mm): Pad 3 [N$182] of U41 on F.Cu
[unconnected_items]: Missing connection between items
    Local override; error
    @(155.5000 mm, 187.8000 mm): Pad 6 [N$183] of U40 on F.Cu
    @(190.5000 mm, 187.8000 mm): Pad 4 [N$183] of U41 on F.Cu
[unconnected_items]: Missing connection between items
    Local override; error
    @(195.5000 mm, 186.2000 mm): Pad 5 [N$184] of U41 on F.Cu
    @(230.5000 mm, 186.2000 mm): Pad 3 [N$184] of U42 on F.Cu
[unconnected_items]: Missing connection between items
    Local override; error
    @(195.5000 mm, 187.8000 mm): Pad 6 [N$185] of U41 on F.Cu
    @(230.5000 mm, 187.8000 mm): Pad 4 [N$185] of U42 on F.Cu
[unconnected_items]: Missing connection between items
    Local override; error
    @(235.5000 mm, 186.2000 mm): Pad 5 [N$186] of U42 on F.Cu
    @(270.5000 mm, 186.2000 mm): Pad 3 [N$186] of U43 on F.Cu
[unconnected_items]: Missing connection between items
    Local override; error
    @(235.5000 mm, 187.8000 mm): Pad 6 [N$187] of U42 on F.Cu
    @(270.5000 mm, 187.8000 mm): Pad 4 [N$187] of U43 on F.Cu
[unconnected_items]: Missing connection between items
    Local override; error
    @(275.5000 mm, 186.2000 mm): Pad 5 [N$188] of U43 on F.Cu
    @(310.5000 mm, 186.2000 mm): Pad 3 [N$188] of U44 on F.Cu
[unconnected_items]: Missing connection between items
    Local override; error
    @(275.5000 mm, 187.8000 mm): Pad 6 [N$189] of U43 on F.Cu
    @(310.5000 mm, 187.8000 mm): Pad 4 [N$189] of U44 on F.Cu
[unconnected_items]: Missing connection between items
    Local override; error
    @(315.5000 mm, 186.2000 mm): Pad 5 [N$190] of U44 on F.Cu
    @(350.5000 mm, 186.2000 mm): Pad 3 [N$190] of U45 on F.Cu
[unconnected_items]: Missing connection between items
    Local override; error
    @(315.5000 mm, 187.8000 mm): Pad 6 [N$191] of U44 on F.Cu
    @(350.5000 mm, 187.8000 mm): Pad 4 [N$191] of U45 on F.Cu
[unconnected_items]: Missing connection between items
    Local override; error
    @(315.5000 mm, 147.8000 mm): Pad 3 [N$192] of U47 on F.Cu
    @(350.5000 mm, 147.8000 mm): Pad 5 [N$192] of U46 on F.Cu
[unconnected_items]: Missing connection between items
    Local override; error
    @(315.5000 mm, 146.2000 mm): Pad 4 [N$193] of U47 on F.Cu
    @(350.5000 mm, 146.2000 mm): Pad 6 [N$193] of U46 on F.Cu
[unconnected_items]: Missing connection between items
    Local override; error
    @(275.5000 mm, 147.8000 mm): Pad 3 [N$194] of U48 on F.Cu
    @(310.5000 mm, 147.8000 mm): Pad 5 [N$194] of U47 on F.Cu
[unconnected_items]: Missing connection between items
    Local override; error
    @(275.5000 mm, 146.2000 mm): Pad 4 [N$195] of U48 on F.Cu
    @(310.5000 mm, 146.2000 mm): Pad 6 [N$195] of U47 on F.Cu
[unconnected_items]: Missing connection between items
    Local override; error
    @(235.5000 mm, 147.8000 mm): Pad 3 [N$196] of U49 on F.Cu
    @(270.5000 mm, 147.8000 mm): Pad 5 [N$196] of U48 on F.Cu
[unconnected_items]: Missing connection between items
    Local override; error
    @(235.5000 mm, 146.2000 mm): Pad 4 [N$197] of U49 on F.Cu
    @(270.5000 mm, 146.2000 mm): Pad 6 [N$197] of U48 on F.Cu
[unconnected_items]: Missing connection between items
    Local override; error
    @(195.5000 mm, 147.8000 mm): Pad 3 [N$198] of U50 on F.Cu
    @(230.5000 mm, 147.8000 mm): Pad 5 [N$198] of U49 on F.Cu
[unconnected_items]: Missing connection between items
    Local override; error
    @(195.5000 mm, 146.2000 mm): Pad 4 [N$199] of U50 on F.Cu
    @(230.5000 mm, 146.2000 mm): Pad 6 [N$199] of U49 on F.Cu
[unconnected_items]: Missing connection between items
    Local override; error
    @(155.5000 mm, 147.8000 mm): Pad 3 [N$202] of U51 on F.Cu
    @(190.5000 mm, 147.8000 mm): Pad 5 [N$202] of U50 on F.Cu
[unconnected_items]: Missing connection between items
    Local override; error
    @(155.5000 mm, 146.2000 mm): Pad 4 [N$203] of U51 on F.Cu
    @(190.5000 mm, 146.2000 mm): Pad 6 [N$203] of U50 on F.Cu
[unconnected_items]: Missing connection between items
    Local override; error
    @(115.5000 mm, 147.8000 mm): Pad 3 [N$204] of U52 on F.Cu
    @(150.5000 mm, 147.8000 mm): Pad 5 [N$204] of U51 on F.Cu
[unconnected_items]: Missing connection between items
    Local override; error
    @(115.5000 mm, 146.2000 mm): Pad 4 [N$205] of U52 on F.Cu
    @(150.5000 mm, 146.2000 mm): Pad 6 [N$205] of U51 on F.Cu
[unconnected_items]: Missing connection between items
    Local override; error
    @(75.5000 mm, 147.8000 mm): Pad 3 [N$206] of U53 on F.Cu
    @(110.5000 mm, 147.8000 mm): Pad 5 [N$206] of U52 on F.Cu
[unconnected_items]: Missing connection between items
    Local override; error
    @(75.5000 mm, 146.2000 mm): Pad 4 [N$207] of U53 on F.Cu
    @(110.5000 mm, 146.2000 mm): Pad 6 [N$207] of U52 on F.Cu
[unconnected_items]: Missing connection between items
    Local override; error
    @(75.5000 mm, 106.2000 mm): Pad 5 [N$208] of U54 on F.Cu
    @(110.5000 mm, 106.2000 mm): Pad 3 [N$208] of U55 on F.Cu
[unconnected_items]: Missing connection between items
    Local override; error
    @(75.5000 mm, 107.8000 mm): Pad 6 [N$209] of U54 on F.Cu
    @(110.5000 mm, 107.8000 mm): Pad 4 [N$209] of U55 on F.Cu
[unconnected_items]: Missing connection between items
    Local override; error
    @(115.5000 mm, 106.2000 mm): Pad 5 [N$210] of U55 on F.Cu
    @(150.5000 mm, 106.2000 mm): Pad 3 [N$210] of U56 on F.Cu
[unconnected_items]: Missing connection between items
    Local override; error
    @(115.5000 mm, 107.8000 mm): Pad 6 [N$211] of U55 on F.Cu
    @(150.5000 mm, 107.8000 mm): Pad 4 [N$211] of U56 on F.Cu
[unconnected_items]: Missing connection between items
    Local override; error
    @(155.5000 mm, 106.2000 mm): Pad 5 [N$212] of U56 on F.Cu
    @(190.5000 mm, 106.2000 mm): Pad 3 [N$212] of U57 on F.Cu
[unconnected_items]: Missing connection between items
    Local override; error
    @(155.5000 mm, 107.8000 mm): Pad 6 [N$213] of U56 on F.Cu
    @(190.5000 mm, 107.8000 mm): Pad 4 [N$213] of U57 on F.Cu
[unconnected_items]: Missing connection between items
    Local override; error
    @(195.5000 mm, 106.2000 mm): Pad 5 [N$214] of U57 on F.Cu
    @(230.5000 mm, 106.2000 mm): Pad 3 [N$214] of U58 on F.Cu
[unconnected_items]: Missing connection between items
    Local override; error
    @(195.5000 mm, 107.8000 mm): Pad 6 [N$215] of U57 on F.Cu
    @(230.5000 mm, 107.8000 mm): Pad 4 [N$215] of U58 on F.Cu
[unconnected_items]: Missing connection between items
    Local override; error
    @(235.5000 mm, 106.2000 mm): Pad 5 [N$216] of U58 on F.Cu
    @(270.5000 mm, 106.2000 mm): Pad 3 [N$216] of U59 on F.Cu
[unconnected_items]: Missing connection between items
    Local override; error
    @(235.5000 mm, 107.8000 mm): Pad 6 [N$217] of U58 on F.Cu
    @(270.5000 mm, 107.8000 mm): Pad 4 [N$217] of U59 on F.Cu
[unconnected_items]: Missing connection between items
    Local override; error
    @(275.5000 mm, 106.2000 mm): Pad 5 [N$218] of U59 on F.Cu
    @(310.5000 mm, 106.2000 mm): Pad 3 [N$218] of U60 on F.Cu
[unconnected_items]: Missing connection between items
    Local override; error
    @(275.5000 mm, 107.8000 mm): Pad 6 [N$219] of U59 on F.Cu
    @(310.5000 mm, 107.8000 mm): Pad 4 [N$219] of U60 on F.Cu
[unconnected_items]: Missing connection between items
    Local override; error
    @(75.5000 mm, 346.2000 mm): Pad 5 [N$220] of U6 on F.Cu
    @(110.5000 mm, 346.2000 mm): Pad 3 [N$220] of U7 on F.Cu
[unconnected_items]: Missing connection between items
    Local override; error
    @(75.5000 mm, 347.8000 mm): Pad 6 [N$221] of U6 on F.Cu
    @(110.5000 mm, 347.8000 mm): Pad 4 [N$221] of U7 on F.Cu
[unconnected_items]: Missing connection between items
    Local override; error
    @(315.5000 mm, 106.2000 mm): Pad 5 [N$222] of U60 on F.Cu
    @(350.5000 mm, 106.2000 mm): Pad 3 [N$222] of U61 on F.Cu
[unconnected_items]: Missing connection between items
    Local override; error
    @(315.5000 mm, 107.8000 mm): Pad 6 [N$223] of U60 on F.Cu
    @(350.5000 mm, 107.8000 mm): Pad 4 [N$223] of U61 on F.Cu
[unconnected_items]: Missing connection between items
    Local override; error
    @(315.5000 mm, 67.8000 mm): Pad 3 [N$224] of U63 on F.Cu
    @(350.5000 mm, 67.8000 mm): Pad 5 [N$224] of U62 on F.Cu
[unconnected_items]: Missing connection between items
    Local override; error
    @(315.5000 mm, 66.2000 mm): Pad 4 [N$225] of U63 on F.Cu
    @(350.5000 mm, 66.2000 mm): Pad 6 [N$225] of U62 on F.Cu
[unconnected_items]: Missing connection between items
    Local override; error
    @(275.5000 mm, 67.8000 mm): Pad 3 [N$226] of U64 on F.Cu
    @(310.5000 mm, 67.8000 mm): Pad 5 [N$226] of U63 on F.Cu
[unconnected_items]: Missing connection between items
    Local override; error
    @(275.5000 mm, 66.2000 mm): Pad 4 [N$227] of U64 on F.Cu
    @(310.5000 mm, 66.2000 mm): Pad 6 [N$227] of U63 on F.Cu
[unconnected_items]: Missing connection between items
    Local override; error
    @(235.5000 mm, 67.8000 mm): Pad 3 [N$228] of U65 on F.Cu
    @(270.5000 mm, 67.8000 mm): Pad 5 [N$228] of U64 on F.Cu
[unconnected_items]: Missing connection between items
    Local override; error
    @(235.5000 mm, 66.2000 mm): Pad 4 [N$229] of U65 on F.Cu
    @(270.5000 mm, 66.2000 mm): Pad 6 [N$229] of U64 on F.Cu
[unconnected_items]: Missing connection between items
    Local override; error
    @(195.5000 mm, 67.8000 mm): Pad 3 [N$230] of U66 on F.Cu
    @(230.5000 mm, 67.8000 mm): Pad 5 [N$230] of U65 on F.Cu
[unconnected_items]: Missing connection between items
    Local override; error
    @(195.5000 mm, 66.2000 mm): Pad 4 [N$231] of U66 on F.Cu
    @(230.5000 mm, 66.2000 mm): Pad 6 [N$231] of U65 on F.Cu
[unconnected_items]: Missing connection between items
    Local override; error
    @(155.5000 mm, 67.8000 mm): Pad 3 [N$232] of U67 on F.Cu
    @(190.5000 mm, 67.8000 mm): Pad 5 [N$232] of U66 on F.Cu
[unconnected_items]: Missing connection between items
    Local override; error
    @(155.5000 mm, 66.2000 mm): Pad 4 [N$233] of U67 on F.Cu
    @(190.5000 mm, 66.2000 mm): Pad 6 [N$233] of U66 on F.Cu
[unconnected_items]: Missing connection between items
    Local override; error
    @(115.5000 mm, 67.8000 mm): Pad 3 [N$234] of U68 on F.Cu
    @(150.5000 mm, 67.8000 mm): Pad 5 [N$234] of U67 on F.Cu
[unconnected_items]: Missing connection between items
    Local override; error
    @(115.5000 mm, 66.2000 mm): Pad 4 [N$235] of U68 on F.Cu
    @(150.5000 mm, 66.2000 mm): Pad 6 [N$235] of U67 on F.Cu
[unconnected_items]: Missing connection between items
    Local override; error
    @(75.5000 mm, 67.8000 mm): Pad 3 [N$236] of U69 on F.Cu
    @(110.5000 mm, 67.8000 mm): Pad 5 [N$236] of U68 on F.Cu
[unconnected_items]: Missing connection between items
    Local override; error
    @(75.5000 mm, 66.2000 mm): Pad 4 [N$237] of U69 on F.Cu
    @(110.5000 mm, 66.2000 mm): Pad 6 [N$237] of U68 on F.Cu
[unconnected_items]: Missing connection between items
    Local override; error
    @(115.5000 mm, 346.2000 mm): Pad 5 [N$238] of U7 on F.Cu
    @(150.5000 mm, 346.2000 mm): Pad 3 [N$238] of U8 on F.Cu
[unconnected_items]: Missing connection between items
    Local override; error
    @(115.5000 mm, 347.8000 mm): Pad 6 [N$239] of U7 on F.Cu
    @(150.5000 mm, 347.8000 mm): Pad 4 [N$239] of U8 on F.Cu
[unconnected_items]: Missing connection between items
    Local override; error
    @(155.5000 mm, 346.2000 mm): Pad 5 [N$240] of U8 on F.Cu
    @(190.5000 mm, 346.2000 mm): Pad 3 [N$240] of U9 on F.Cu
[unconnected_items]: Missing connection between items
    Local override; error
    @(155.5000 mm, 347.8000 mm): Pad 6 [N$241] of U8 on F.Cu
    @(190.5000 mm, 347.8000 mm): Pad 4 [N$241] of U9 on F.Cu
[unconnected_items]: Missing connection between items
    Local override; error
    @(137.8100 mm, 143.8100 mm): PTH pad 20 [SENSE_IRQ] of U3
    @(137.8100 mm, 303.8100 mm): PTH pad 20 [SENSE_IRQ] of U1
[unconnected_items]: Missing connection between items
    Local override; error
    @(137.8100 mm, 303.8100 mm): PTH pad 20 [SENSE_IRQ] of U1
    @(183.4900 mm, 341.2700 mm): PTH pad 7 [SENSE_IRQ] of J1
[unconnected_items]: Missing connection between items
    Local override; error
    @(183.4900 mm, 341.2700 mm): PTH pad 7 [SENSE_IRQ] of J1
    @(297.8100 mm, 303.8100 mm): PTH pad 20 [SENSE_IRQ] of U2
[unconnected_items]: Missing connection between items
    Local override; error
    @(297.8100 mm, 303.8100 mm): PTH pad 20 [SENSE_IRQ] of U2
    @(297.8100 mm, 143.8100 mm): PTH pad 20 [SENSE_IRQ] of U4
[unconnected_items]: Missing connection between items
    Local override; error
    @(126.1900 mm, 402.5400 mm): PTH pad 5 [SPI_CLK_3V3] of U5
    @(203.8100 mm, 341.2700 mm): PTH pad 23 [SPI_CLK_3V3] of J1
[unconnected_items]: Missing connection between items
    Local override; error
    @(126.1900 mm, 394.9200 mm): PTH pad 2 [SPI_DATA_3V3] of U5
    @(198.7300 mm, 341.2700 mm): PTH pad 19 [SPI_DATA_3V3] of J1
[unconnected_items]: Missing connection between items
    Local override; error
    @(51.1100 mm, 360.0000 mm): PTH pad 1 [SQ_A1] of RS1
    @(137.8100 mm, 301.2700 mm): PTH pad 21 [SQ_A1] of U1
[unconnected_items]: Missing connection between items
    Local override; error
    @(51.1100 mm, 320.0000 mm): PTH pad 1 [SQ_A2] of RS5
    @(137.8100 mm, 291.1100 mm): PTH pad 25 [SQ_A2] of U1
[unconnected_items]: Missing connection between items
    Local override; error
    @(51.1100 mm, 280.0000 mm): PTH pad 1 [SQ_A3] of RS9
    @(130.1900 mm, 283.4900 mm): PTH pad 1 [SQ_A3] of U1
[unconnected_items]: Missing connection between items
    Local override; error
    @(51.1100 mm, 240.0000 mm): PTH pad 1 [SQ_A4] of RS13
    @(130.1900 mm, 293.6500 mm): PTH pad 5 [SQ_A4] of U1
[unconnected_items]: Missing connection between items
    Local override; error
    @(51.1100 mm, 200.0000 mm): PTH pad 1 [SQ_A5] of RS33
    @(137.8100 mm, 141.2700 mm): PTH pad 21 [SQ_A5] of U3
[unconnected_items]: Missing connection between items
    Local override; error
    @(51.1100 mm, 160.0000 mm): PTH pad 1 [SQ_A6] of RS37
    @(137.8100 mm, 131.1100 mm): PTH pad 25 [SQ_A6] of U3
[unconnected_items]: Missing connection between items
    Local override; error
    @(51.1100 mm, 120.0000 mm): PTH pad 1 [SQ_A7] of RS41
    @(130.1900 mm, 123.4900 mm): PTH pad 1 [SQ_A7] of U3
[unconnected_items]: Missing connection between items
    Local override; error
    @(51.1100 mm, 80.0000 mm): PTH pad 1 [SQ_A8] of RS45
    @(130.1900 mm, 133.6500 mm): PTH pad 5 [SQ_A8] of U3
[unconnected_items]: Missing connection between items
    Local override; error
    @(91.1100 mm, 360.0000 mm): PTH pad 1 [SQ_B1] of RS2
    @(137.8100 mm, 298.7300 mm): PTH pad 22 [SQ_B1] of U1
[unconnected_items]: Missing connection between items
    Local override; error
    @(91.1100 mm, 320.0000 mm): PTH pad 1 [SQ_B2] of RS6
    @(137.8100 mm, 288.5700 mm): PTH pad 26 [SQ_B2] of U1
[unconnected_items]: Missing connection between items
    Local override; error
    @(91.1100 mm, 280.0000 mm): PTH pad 1 [SQ_B3] of RS10
    @(130.1900 mm, 286.0300 mm): PTH pad 2 [SQ_B3] of U1
[unconnected_items]: Missing connection between items
    Local override; error
    @(91.1100 mm, 240.0000 mm): PTH pad 1 [SQ_B4] of RS14
    @(130.1900 mm, 296.1900 mm): PTH pad 6 [SQ_B4] of U1
[unconnected_items]: Missing connection between items
    Local override; error
    @(91.1100 mm, 200.0000 mm): PTH pad 1 [SQ_B5] of RS34
    @(137.8100 mm, 138.7300 mm): PTH pad 22 [SQ_B5] of U3
[unconnected_items]: Missing connection between items
    Local override; error
    @(91.1100 mm, 160.0000 mm): PTH pad 1 [SQ_B6] of RS38
    @(137.8100 mm, 128.5700 mm): PTH pad 26 [SQ_B6] of U3
[unconnected_items]: Missing connection between items
    Local override; error
    @(91.1100 mm, 120.0000 mm): PTH pad 1 [SQ_B7] of RS42
    @(130.1900 mm, 126.0300 mm): PTH pad 2 [SQ_B7] of U3
[unconnected_items]: Missing connection between items
    Local override; error
    @(91.1100 mm, 80.0000 mm): PTH pad 1 [SQ_B8] of RS46
    @(130.1900 mm, 136.1900 mm): PTH pad 6 [SQ_B8] of U3
[unconnected_items]: Missing connection between items
    Local override; error
    @(131.1100 mm, 360.0000 mm): PTH pad 1 [SQ_C1] of RS3
    @(137.8100 mm, 296.1900 mm): PTH pad 23 [SQ_C1] of U1
[unconnected_items]: Missing connection between items
    Local override; error
    @(131.1100 mm, 320.0000 mm): PTH pad 1 [SQ_C2] of RS7
    @(137.8100 mm, 286.0300 mm): PTH pad 27 [SQ_C2] of U1
[unconnected_items]: Missing connection between items
    Local override; error
    @(130.1900 mm, 288.5700 mm): PTH pad 3 [SQ_C3] of U1
    @(131.1100 mm, 280.0000 mm): PTH pad 1 [SQ_C3] of RS11
[unconnected_items]: Missing connection between items
    Local override; error
    @(130.1900 mm, 298.7300 mm): PTH pad 7 [SQ_C4] of U1
    @(131.1100 mm, 240.0000 mm): PTH pad 1 [SQ_C4] of RS15
[unconnected_items]: Missing connection between items
    Local override; error
    @(131.1100 mm, 200.0000 mm): PTH pad 1 [SQ_C5] of RS35
    @(137.8100 mm, 136.1900 mm): PTH pad 23 [SQ_C5] of U3
[unconnected_items]: Missing connection between items
    Local override; error
    @(131.1100 mm, 160.0000 mm): PTH pad 1 [SQ_C6] of RS39
    @(137.8100 mm, 126.0300 mm): PTH pad 27 [SQ_C6] of U3
[unconnected_items]: Missing connection between items
    Local override; error
    @(130.1900 mm, 128.5700 mm): PTH pad 3 [SQ_C7] of U3
    @(131.1100 mm, 120.0000 mm): PTH pad 1 [SQ_C7] of RS43
[unconnected_items]: Missing connection between items
    Local override; error
    @(130.1900 mm, 138.7300 mm): PTH pad 7 [SQ_C8] of U3
    @(131.1100 mm, 80.0000 mm): PTH pad 1 [SQ_C8] of RS47
[unconnected_items]: Missing connection between items
    Local override; error
    @(137.8100 mm, 293.6500 mm): PTH pad 24 [SQ_D1] of U1
    @(171.1100 mm, 360.0000 mm): PTH pad 1 [SQ_D1] of RS4
[unconnected_items]: Missing connection between items
    Local override; error
    @(137.8100 mm, 283.4900 mm): PTH pad 28 [SQ_D2] of U1
    @(171.1100 mm, 320.0000 mm): PTH pad 1 [SQ_D2] of RS8
[unconnected_items]: Missing connection between items
    Local override; error
    @(130.1900 mm, 291.1100 mm): PTH pad 4 [SQ_D3] of U1
    @(171.1100 mm, 280.0000 mm): PTH pad 1 [SQ_D3] of RS12
[unconnected_items]: Missing connection between items
    Local override; error
    @(130.1900 mm, 301.2700 mm): PTH pad 8 [SQ_D4] of U1
    @(171.1100 mm, 240.0000 mm): PTH pad 1 [SQ_D4] of RS16
[unconnected_items]: Missing connection between items
    Local override; error
    @(137.8100 mm, 133.6500 mm): PTH pad 24 [SQ_D5] of U3
    @(171.1100 mm, 200.0000 mm): PTH pad 1 [SQ_D5] of RS36
[unconnected_items]: Missing connection between items
    Local override; error
    @(137.8100 mm, 123.4900 mm): PTH pad 28 [SQ_D6] of U3
    @(171.1100 mm, 160.0000 mm): PTH pad 1 [SQ_D6] of RS40
[unconnected_items]: Missing connection between items
    Local override; error
    @(130.1900 mm, 131.1100 mm): PTH pad 4 [SQ_D7] of U3
    @(171.1100 mm, 120.0000 mm): PTH pad 1 [SQ_D7] of RS44
[unconnected_items]: Missing connection between items
    Local override; error
    @(130.1900 mm, 141.2700 mm): PTH pad 8 [SQ_D8] of U3
    @(171.1100 mm, 80.0000 mm): PTH pad 1 [SQ_D8] of RS48
[unconnected_items]: Missing connection between items
    Local override; error
    @(211.1100 mm, 360.0000 mm): PTH pad 1 [SQ_E1] of RS17
    @(297.8100 mm, 301.2700 mm): PTH pad 21 [SQ_E1] of U2
[unconnected_items]: Missing connection between items
    Local override; error
    @(211.1100 mm, 320.0000 mm): PTH pad 1 [SQ_E2] of RS21
    @(297.8100 mm, 291.1100 mm): PTH pad 25 [SQ_E2] of U2
[unconnected_items]: Missing connection between items
    Local override; error
    @(211.1100 mm, 280.0000 mm): PTH pad 1 [SQ_E3] of RS25
    @(290.1900 mm, 283.4900 mm): PTH pad 1 [SQ_E3] of U2
[unconnected_items]: Missing connection between items
    Local override; error
    @(211.1100 mm, 240.0000 mm): PTH pad 1 [SQ_E4] of RS29
    @(290.1900 mm, 293.6500 mm): PTH pad 5 [SQ_E4] of U2
[unconnected_items]: Missing connection between items
    Local override; error
    @(211.1100 mm, 200.0000 mm): PTH pad 1 [SQ_E5] of RS49
    @(297.8100 mm, 141.2700 mm): PTH pad 21 [SQ_E5] of U4
[unconnected_items]: Missing connection between items
    Local override; error
    @(211.1100 mm, 160.0000 mm): PTH pad 1 [SQ_E6] of RS53
    @(297.8100 mm, 131.1100 mm): PTH pad 25 [SQ_E6] of U4
[unconnected_items]: Missing connection between items
    Local override; error
    @(211.1100 mm, 120.0000 mm): PTH pad 1 [SQ_E7] of RS57
    @(290.1900 mm, 123.4900 mm): PTH pad 1 [SQ_E7] of U4
[unconnected_items]: Missing connection between items
    Local override; error
    @(211.1100 mm, 80.0000 mm): PTH pad 1 [SQ_E8] of RS61
    @(290.1900 mm, 133.6500 mm): PTH pad 5 [SQ_E8] of U4
[unconnected_items]: Missing connection between items
    Local override; error
    @(251.1100 mm, 360.0000 mm): PTH pad 1 [SQ_F1] of RS18
    @(297.8100 mm, 298.7300 mm): PTH pad 22 [SQ_F1] of U2
[unconnected_items]: Missing connection between items
    Local override; error
    @(251.1100 mm, 320.0000 mm): PTH pad 1 [SQ_F2] of RS22
    @(297.8100 mm, 288.5700 mm): PTH pad 26 [SQ_F2] of U2
[unconnected_items]: Missing connection between items
    Local override; error
    @(251.1100 mm, 280.0000 mm): PTH pad 1 [SQ_F3] of RS26
    @(290.1900 mm, 286.0300 mm): PTH pad 2 [SQ_F3] of U2
[unconnected_items]: Missing connection between items
    Local override; error
    @(251.1100 mm, 240.0000 mm): PTH pad 1 [SQ_F4] of RS30
    @(290.1900 mm, 296.1900 mm): PTH pad 6 [SQ_F4] of U2
[unconnected_items]: Missing connection between items
    Local override; error
    @(251.1100 mm, 200.0000 mm): PTH pad 1 [SQ_F5] of RS50
    @(297.8100 mm, 138.7300 mm): PTH pad 22 [SQ_F5] of U4
[unconnected_items]: Missing connection between items
    Local override; error
    @(251.1100 mm, 160.0000 mm): PTH pad 1 [SQ_F6] of RS54
    @(297.8100 mm, 128.5700 mm): PTH pad 26 [SQ_F6] of U4
[unconnected_items]: Missing connection between items
    Local override; error
    @(251.1100 mm, 120.0000 mm): PTH pad 1 [SQ_F7] of RS58
    @(290.1900 mm, 126.0300 mm): PTH pad 2 [SQ_F7] of U4
[unconnected_items]: Missing connection between items
    Local override; error
    @(251.1100 mm, 80.0000 mm): PTH pad 1 [SQ_F8] of RS62
    @(290.1900 mm, 136.1900 mm): PTH pad 6 [SQ_F8] of U4
[unconnected_items]: Missing connection between items
    Local override; error
    @(291.1100 mm, 360.0000 mm): PTH pad 1 [SQ_G1] of RS19
    @(297.8100 mm, 296.1900 mm): PTH pad 23 [SQ_G1] of U2
[unconnected_items]: Missing connection between items
    Local override; error
    @(291.1100 mm, 320.0000 mm): PTH pad 1 [SQ_G2] of RS23
    @(297.8100 mm, 286.0300 mm): PTH pad 27 [SQ_G2] of U2
[unconnected_items]: Missing connection between items
    Local override; error
    @(290.1900 mm, 288.5700 mm): PTH pad 3 [SQ_G3] of U2
    @(291.1100 mm, 280.0000 mm): PTH pad 1 [SQ_G3] of RS27
[unconnected_items]: Missing connection between items
    Local override; error
    @(290.1900 mm, 298.7300 mm): PTH pad 7 [SQ_G4] of U2
    @(291.1100 mm, 240.0000 mm): PTH pad 1 [SQ_G4] of RS31
[unconnected_items]: Missing connection between items
    Local override; error
    @(291.1100 mm, 200.0000 mm): PTH pad 1 [SQ_G5] of RS51
    @(297.8100 mm, 136.1900 mm): PTH pad 23 [SQ_G5] of U4
[unconnected_items]: Missing connection between items
    Local override; error
    @(291.1100 mm, 160.0000 mm): PTH pad 1 [SQ_G6] of RS55
    @(297.8100 mm, 126.0300 mm): PTH pad 27 [SQ_G6] of U4
[unconnected_items]: Missing connection between items
    Local override; error
    @(290.1900 mm, 128.5700 mm): PTH pad 3 [SQ_G7] of U4
    @(291.1100 mm, 120.0000 mm): PTH pad 1 [SQ_G7] of RS59
[unconnected_items]: Missing connection between items
    Local override; error
    @(290.1900 mm, 138.7300 mm): PTH pad 7 [SQ_G8] of U4
    @(291.1100 mm, 80.0000 mm): PTH pad 1 [SQ_G8] of RS63
[unconnected_items]: Missing connection between items
    Local override; error
    @(297.8100 mm, 293.6500 mm): PTH pad 24 [SQ_H1] of U2
    @(331.1100 mm, 360.0000 mm): PTH pad 1 [SQ_H1] of RS20
[unconnected_items]: Missing connection between items
    Local override; error
    @(297.8100 mm, 283.4900 mm): PTH pad 28 [SQ_H2] of U2
    @(331.1100 mm, 320.0000 mm): PTH pad 1 [SQ_H2] of RS24
[unconnected_items]: Missing connection between items
    Local override; error
    @(290.1900 mm, 291.1100 mm): PTH pad 4 [SQ_H3] of U2
    @(331.1100 mm, 280.0000 mm): PTH pad 1 [SQ_H3] of RS28
[unconnected_items]: Missing connection between items
    Local override; error
    @(290.1900 mm, 301.2700 mm): PTH pad 8 [SQ_H4] of U2
    @(331.1100 mm, 240.0000 mm): PTH pad 1 [SQ_H4] of RS32
[unconnected_items]: Missing connection between items
    Local override; error
    @(297.8100 mm, 133.6500 mm): PTH pad 24 [SQ_H5] of U4
    @(331.1100 mm, 200.0000 mm): PTH pad 1 [SQ_H5] of RS52
[unconnected_items]: Missing connection between items
    Local override; error
    @(297.8100 mm, 123.4900 mm): PTH pad 28 [SQ_H6] of U4
    @(331.1100 mm, 160.0000 mm): PTH pad 1 [SQ_H6] of RS56
[unconnected_items]: Missing connection between items
    Local override; error
    @(290.1900 mm, 131.1100 mm): PTH pad 4 [SQ_H7] of U4
    @(331.1100 mm, 120.0000 mm): PTH pad 1 [SQ_H7] of RS60
[unconnected_items]: Missing connection between items
    Local override; error
    @(290.1900 mm, 141.2700 mm): PTH pad 8 [SQ_H8] of U4
    @(331.1100 mm, 80.0000 mm): PTH pad 1 [SQ_H8] of RS64

** Found 0 Footprint errors **

** End of Report **
